// Jest Snapshot v1, https://goo.gl/fbAQLP

exports[`matches snapshot 1`] = `
<Container
  size="lg"
>
  <Toolbar />
  <Connect(GridTitleLabel) />
  <Connect(HOC) />
</Container>
`;
