// Jest Snapshot v1, https://goo.gl/fbAQLP

exports[`matches snapshot 1`] = `
<button
  className="colorsMenuButton"
  id="button"
  onClick={[Function]}
>
  <Shape
    key="red"
    shape="square"
    size="sm"
  />
</button>
`;
