// Jest Snapshot v1, https://goo.gl/fbAQLP

exports[`matches snapshot 1`] = `
<div>
  Second Solution without the use of redux (to be done)
</div>
`;
